// Jest Snapshot v1, https://goo.gl/fbAQLP

exports[`MarkAsIncompleteButton should show the button 1`] = `ShallowWrapper {}`;
