// Jest Snapshot v1, https://goo.gl/fbAQLP

exports[`RemoveButton renders the button 1`] = `ShallowWrapper {}`;
