// Jest Snapshot v1, https://goo.gl/fbAQLP

exports[`List renders 1`] = `ShallowWrapper {}`;
