// Jest Snapshot v1, https://goo.gl/fbAQLP

exports[`Description displays the content 1`] = `ShallowWrapper {}`;
