// Jest Snapshot v1, https://goo.gl/fbAQLP

exports[`Title renders the title 1`] = `ShallowWrapper {}`;
