// Jest Snapshot v1, https://goo.gl/fbAQLP

exports[`NoAssignmentMessage should render 1`] = `ShallowWrapper {}`;
