// Jest Snapshot v1, https://goo.gl/fbAQLP

exports[`BibliographyLink should display the link 1`] = `ShallowWrapper {}`;
