// Jest Snapshot v1, https://goo.gl/fbAQLP

exports[`EditorLink renders an AssignedToLink 1`] = `ShallowWrapper {}`;
