// Jest Snapshot v1, https://goo.gl/fbAQLP

exports[`PeerReviewLink should display the link 1`] = `ShallowWrapper {}`;
